=== DOCKER BUILD ===
Timestamp: Thu Mar 12 20:51:04 CEST 2026

#0 building with "desktop-linux" instance using docker driver

#1 [internal] load build definition from Dockerfile
#1 transferring dockerfile: 454B done
#1 DONE 0.0s

#2 [internal] load metadata for docker.io/library/alpine:3.20
#2 ...

#3 [internal] load metadata for docker.io/library/golang:1.21-alpine
#3 DONE 0.9s

#2 [internal] load metadata for docker.io/library/alpine:3.20
#2 DONE 0.9s

#4 [internal] load .dockerignore
#4 transferring context: 2B done
#4 DONE 0.0s

#5 [internal] load build context
#5 DONE 0.0s

#6 [builder 1/4] FROM docker.io/library/golang:1.21-alpine@sha256:2414035b086e3c42b99654c8b26e6f5b1b1598080d65fd03c7f499552ff4dc94
#6 resolve docker.io/library/golang:1.21-alpine@sha256:2414035b086e3c42b99654c8b26e6f5b1b1598080d65fd03c7f499552ff4dc94 0.1s done
#6 DONE 0.1s

#7 [stage-1 1/4] FROM docker.io/library/alpine:3.20@sha256:a4f4213abb84c497377b8544c81b3564f313746700372ec4fe84653e4fb03805
#7 resolve docker.io/library/alpine:3.20@sha256:a4f4213abb84c497377b8544c81b3564f313746700372ec4fe84653e4fb03805
#7 resolve docker.io/library/alpine:3.20@sha256:a4f4213abb84c497377b8544c81b3564f313746700372ec4fe84653e4fb03805 0.1s done
#7 DONE 0.1s

#5 [internal] load build context
#5 transferring context: 29B 0.0s done
#5 DONE 0.0s

#8 [builder 4/4] RUN go build -o booking-service main.go
#8 CACHED

#9 [stage-1 2/4] RUN apk add --no-cache curl
#9 CACHED

#10 [stage-1 3/4] WORKDIR /app
#10 CACHED

#11 [builder 2/4] WORKDIR /app
#11 CACHED

#12 [builder 3/4] COPY main.go .
#12 CACHED

#13 [stage-1 4/4] COPY --from=builder /app/booking-service ./booking-service
#13 CACHED

#14 exporting to image
#14 exporting layers done
#14 exporting manifest sha256:3d7c5bc3b4254ce71b45c8c7ecbf045deae42591de0e03ed02b17784946b5531 done
#14 exporting config sha256:28c16f01b4bee098c03a12f141b2cbce8e71164c4cf94a928e80e32ad37ba630 done
#14 exporting attestation manifest sha256:aead1be6912efbae361d144fbe7da5a0dffbc21d6ad00d589c60dca3069d7b24 0.1s done
#14 exporting manifest list sha256:76aeb7374067f2904c0298c1e13ef85570275fdff12c27422818eab80b77c29c
#14 exporting manifest list sha256:76aeb7374067f2904c0298c1e13ef85570275fdff12c27422818eab80b77c29c 0.0s done
#14 naming to docker.io/library/booking-service:latest done
#14 unpacking to docker.io/library/booking-service:latest done
#14 DONE 0.1s
Untagged: booking-service:latest
Deleted: sha256:28c16f01b4bee098c03a12f141b2cbce8e71164c4cf94a928e80e32ad37ba630
Deleted: sha256:662ed44c5f18b56bb6dd432b190137191ccb57b3a54af1622c261977f244bb35

=== MINIKUBE IMAGE LOAD ===
Timestamp: Thu Mar 12 20:51:07 CEST 2026

