=== DOCKER BUILD ===
Timestamp: Wed Mar 11 18:32:52 CEST 2026

#0 building with "desktop-linux" instance using docker driver

#1 [internal] load build definition from Dockerfile
#1 transferring dockerfile: 454B 0.0s done
#1 DONE 0.0s

#2 [internal] load metadata for docker.io/library/alpine:3.20
#2 DONE 0.9s

#3 [internal] load metadata for docker.io/library/golang:1.21-alpine
#3 DONE 0.9s

#4 [internal] load .dockerignore
#4 transferring context: 2B done
#4 DONE 0.0s

#5 [builder 1/4] FROM docker.io/library/golang:1.21-alpine@sha256:2414035b086e3c42b99654c8b26e6f5b1b1598080d65fd03c7f499552ff4dc94
#5 resolve docker.io/library/golang:1.21-alpine@sha256:2414035b086e3c42b99654c8b26e6f5b1b1598080d65fd03c7f499552ff4dc94 0.0s done
#5 DONE 0.0s

#6 [stage-1 1/4] FROM docker.io/library/alpine:3.20@sha256:a4f4213abb84c497377b8544c81b3564f313746700372ec4fe84653e4fb03805
#6 resolve docker.io/library/alpine:3.20@sha256:a4f4213abb84c497377b8544c81b3564f313746700372ec4fe84653e4fb03805 0.0s done
#6 DONE 0.0s

#7 [internal] load build context
#7 transferring context: 29B done
#7 DONE 0.0s

#8 [builder 2/4] WORKDIR /app
#8 CACHED

#9 [builder 4/4] RUN go build -o booking-service main.go
#9 CACHED

#10 [stage-1 2/4] RUN apk add --no-cache curl
#10 CACHED

#11 [stage-1 3/4] WORKDIR /app
#11 CACHED

#12 [builder 3/4] COPY main.go .
#12 CACHED

#13 [stage-1 4/4] COPY --from=builder /app/booking-service ./booking-service
#13 CACHED

#14 exporting to image
#14 exporting layers done
#14 exporting manifest sha256:e360e32637660f481f4f8d48afc95b170ac43b963eb362a5ba1faea1646a929d 0.0s done
#14 exporting config sha256:fb196693330ffc1521cef0a20c215756ba851a70a4b5dfa50384d8be2dc526e3 done
#14 exporting attestation manifest sha256:048fb518f68ab204e99d72878ea2a252d9b6fae9dc0cc9729543cf9c0167e14e 0.0s done
#14 exporting manifest list sha256:5c3ea62d243023ec2386f6081a360dd07024758307396119e5aa5e8838aafef9 0.0s done
#14 naming to docker.io/library/booking-service:latest
#14 naming to docker.io/library/booking-service:latest done
#14 unpacking to docker.io/library/booking-service:latest done
#14 DONE 0.2s

=== MINIKUBE IMAGE LOAD ===
Timestamp: Wed Mar 11 18:32:54 CEST 2026

